[smartpairing.net/index.html]
[backblue.gif]
[fade.gif]
[index.html]
[smartpairing.net/feed/index.html]
[smartpairing.net/comments/feed/index.html]
[smartpairing.net/wp-content/plugins/dynamic-content-for-elementor/assets/css/animationsd164d164.css]
[smartpairing.net/wp-includes/css/dist/block-library/style.min271b271b.css]
[smartpairing.net/wp-content/themes/kadence/assets/css/global.minac13ac13.css]
[smartpairing.net/wp-content/themes/kadence/assets/css/header.minac13ac13.css]
[smartpairing.net/wp-content/themes/kadence/assets/css/content.minac13ac13.css]
[smartpairing.net/wp-content/themes/kadence/assets/css/footer.minac13ac13.css]
[smartpairing.net/wp-content/plugins/elementor/assets/lib/eicons/css/elementor-icons.mine900e900.css]
[smartpairing.net/wp-content/plugins/elementor/assets/css/frontend-legacy.mina25aa25a.css]
[smartpairing.net/wp-content/plugins/elementor/assets/css/frontend.mina25aa25a.css]
[smartpairing.net/wp-content/uploads/elementor/css/post-8ef35ef35.css]
[smartpairing.net/wp-content/plugins/dynamic-content-for-elementor/assets/css/style.mind164d164.css]
[smartpairing.net/wp-includes/css/dashicons.min271b271b.css]
[smartpairing.net/wp-content/plugins/elementor-pro/assets/css/frontend.minb12bb12b.css]
[smartpairing.net/wp-content/uploads/elementor/css/global31383138.css]
[smartpairing.net/wp-content/uploads/elementor/css/post-36b88db88d.css]
[smartpairing.net/wp-content/plugins/elementor/assets/lib/font-awesome/css/fontawesome.min52d552d5.css]
[smartpairing.net/wp-content/plugins/elementor/assets/lib/font-awesome/css/solid.min52d552d5.css]
[smartpairing.net/wp-content/plugins/elementor/assets/lib/font-awesome/css/brands.min52d552d5.css]
[smartpairing.net/wp-includes/js/jquery/jquery-migrate.mind617d617.js]
[smartpairing.net/wp-includes/js/jquery/jquery.minaf6caf6c.js]
[smartpairing.net/wp-json/index.html]
[smartpairing.net/wp-json/wp/v2/pages/36.json]
[smartpairing.net/wp-includes/wlwmanifest.xml]
[smartpairing.net/index-2.html]
[smartpairing.net/wp-json/oembed/1.0/embeddc83dc83.json]
[smartpairing.net/wallet/index.html]
[smartpairing.net/wp-content/plugins/elementor/assets/lib/animations/animations.mina25aa25a.css]
[smartpairing.net/wp-content/themes/kadence/assets/js/navigation.minac13ac13.js]
[smartpairing.net/wp-content/plugins/elementor-pro/assets/js/webpack-pro.runtime.minb12bb12b.js]
[smartpairing.net/wp-content/plugins/elementor/assets/js/webpack.runtime.mina25aa25a.js]
[smartpairing.net/wp-content/plugins/elementor/assets/js/frontend-modules.mina25aa25a.js]
[smartpairing.net/wp-content/plugins/elementor-pro/assets/lib/sticky/jquery.sticky.minb12bb12b.js]
[smartpairing.net/wp-content/plugins/elementor-pro/assets/js/frontend.minb12bb12b.js]
[smartpairing.net/wp-content/plugins/elementor/assets/lib/waypoints/waypoints.min05da05da.js]
[smartpairing.net/wp-includes/js/jquery/ui/core.min1dd91dd9.js]
[smartpairing.net/wp-content/plugins/elementor/assets/lib/share-link/share-link.mina25aa25a.js]
[smartpairing.net/wp-content/plugins/elementor/assets/lib/swiper/swiper.min48f548f5.js]
[smartpairing.net/wp-content/plugins/elementor/assets/lib/dialog/dialog.mind227d227.js]
[smartpairing.net/wp-content/plugins/elementor/assets/js/frontend.mina25aa25a.js]
[smartpairing.net/wp-content/plugins/elementor/assets/js/preloaded-modules.mina25aa25a.js]
[smartpairing.net/wp-content/plugins/elementor-pro/assets/js/preloaded-elements-handlers.minb12bb12b.js]
[smartpairing.net/wp-content/plugins/dynamic-content-for-elementor/assets/js/settings.mind164d164.js]
[smartpairing.net/index.html]
[smartpairing.net/feed/index.html]
[smartpairing.net/comments/feed/index.html]
[smartpairing.net/wp-content/plugins/dynamic-content-for-elementor/assets/css/animationsd164d164.css]
[smartpairing.net/wp-includes/css/dist/block-library/style.min271b271b.css]
[smartpairing.net/wp-content/themes/kadence/assets/css/global.minac13ac13.css]
[smartpairing.net/wp-content/themes/kadence/assets/css/header.minac13ac13.css]
[smartpairing.net/wp-content/themes/kadence/assets/css/content.minac13ac13.css]
[smartpairing.net/wp-content/themes/kadence/assets/css/footer.minac13ac13.css]
[smartpairing.net/wp-content/plugins/elementor/assets/lib/eicons/fonts/eiconsdc2cdc2c.eot]
[smartpairing.net/wp-content/plugins/elementor/assets/lib/eicons/fonts/eiconsdc2cdc2c.woff2]
[smartpairing.net/wp-content/plugins/elementor/assets/lib/eicons/fonts/eiconsdc2cdc2c.woff]
[smartpairing.net/wp-content/plugins/elementor/assets/lib/eicons/fonts/eiconsdc2cdc2c.ttf]
[smartpairing.net/wp-content/plugins/elementor/assets/lib/eicons/css/elementor-icons.mine900e900.css]
[smartpairing.net/wp-content/plugins/elementor/assets/css/frontend-legacy.mina25aa25a.css]
[smartpairing.net/wp-content/plugins/elementor/assets/css/frontend.mina25aa25a.css]
[smartpairing.net/wp-content/uploads/elementor/css/post-8ef35ef35.css]
[smartpairing.net/wp-content/plugins/dynamic-content-for-elementor/assets/css/style.mind164d164.css]
[smartpairing.net/wp-includes/fonts/dashicons7d4b7d4b.eot]
[smartpairing.net/wp-content/plugins/elementor/assets/lib/eicons/fonts/eiconsdc2cdc2c.svg]
[smartpairing.net/wp-includes/fonts/dashicons7d4b7d4b.ttf]
[smartpairing.net/wp-includes/css/dashicons.min271b271b.css]
[smartpairing.net/wp-content/plugins/elementor-pro/assets/css/frontend.minb12bb12b.css]
[smartpairing.net/wp-content/uploads/elementor/css/global31383138.css]
[smartpairing.net/wp-content/uploads/elementor/css/post-36b88db88d.css]
[smartpairing.net/wp-content/plugins/elementor/assets/lib/font-awesome/css/fontawesome.min52d552d5.css]
[smartpairing.net/wp-content/plugins/elementor/assets/lib/font-awesome/webfonts/fa-solid-900.eot]
[smartpairing.net/wp-content/plugins/elementor/assets/lib/font-awesome/webfonts/fa-solid-900d41dd41d.eot]
[smartpairing.net/wp-content/plugins/elementor/assets/lib/font-awesome/webfonts/fa-solid-900.woff2]
[smartpairing.net/wp-content/plugins/elementor/assets/lib/font-awesome/webfonts/fa-solid-900.woff]
[smartpairing.net/wp-content/plugins/elementor/assets/lib/font-awesome/webfonts/fa-solid-900.ttf]
[smartpairing.net/wp-content/plugins/elementor/assets/lib/font-awesome/css/solid.min52d552d5.css]
[smartpairing.net/wp-content/plugins/elementor/assets/lib/font-awesome/webfonts/fa-brands-400.eot]
[smartpairing.net/wp-content/plugins/elementor/assets/lib/font-awesome/webfonts/fa-brands-400d41dd41d.eot]
[smartpairing.net/wp-content/plugins/elementor/assets/lib/font-awesome/webfonts/fa-solid-900.svg]
[smartpairing.net/wp-content/plugins/elementor/assets/lib/font-awesome/webfonts/fa-brands-400.woff2]
[smartpairing.net/wp-content/plugins/elementor/assets/lib/font-awesome/webfonts/fa-brands-400.woff]
[smartpairing.net/wp-content/plugins/elementor/assets/lib/font-awesome/webfonts/fa-brands-400.ttf]
[smartpairing.net/wp-content/plugins/elementor/assets/lib/font-awesome/css/brands.min52d552d5.css]
[smartpairing.net/wp-json/index.html]
[smartpairing.net/index-2.html]
[smartpairing.net/wp-json/oembed/1.0/embed306f306f.html]
[smartpairing.net/wp-content/uploads/essential-addons-elementor/46043a0c7.min43524352.css]
[smartpairing.net/wp-content/plugins/essential-addons-for-elementor-lite/assets/admin/images/templately/logo-icon.svg]
[smartpairing.net/wp-content/plugins/elementor/assets/lib/font-awesome/webfonts/fa-brands-400.svg]
[smartpairing.net/wp-content/uploads/elementor/css/post-5813f113f1.css]
[smartpairing.net/wp-json/wp/v2/pages/58.json]
[smartpairing.net/indexe9b4e9b4.html]
[smartpairing.net/wp-json/oembed/1.0/embedf34af34a.json]
[smartpairing.net/wp-content/uploads/2022/01/walletconnect-logo.png]
[smartpairing.net/wp-content/uploads/2022/01/rainbow-150x150.jpg]
[smartpairing.net/wp-content/uploads/2022/01/trust-150x150.jpg]
[smartpairing.net/wp-content/uploads/2022/01/phantom-150x150.jpg]
[smartpairing.net/wp-content/uploads/2022/01/meta-150x150.jpg]
[smartpairing.net/wp-content/uploads/2022/01/Gnosis-150x150.jpg]
[smartpairing.net/wp-content/uploads/2022/01/stellar-150x150.png]
[smartpairing.net/wp-content/uploads/2022/01/coin98-150x150.jpg]
[smartpairing.net/wp-content/uploads/2022/01/sollet-150x150.jpg]
[smartpairing.net/wp-content/uploads/2022/01/token-poccket-150x150.jpg]
[smartpairing.net/wp-content/uploads/2022/01/walleth--150x150.png]
[smartpairing.net/wp-content/uploads/2022/01/atomic-150x150.jpg]
[smartpairing.net/wp-content/uploads/2022/01/authereum-150x150.png]
[smartpairing.net/wp-content/uploads/2022/01/coinomi-150x150.png]
[smartpairing.net/wp-content/uploads/2022/01/vechain-150x150.jpg]
[smartpairing.net/wp-content/uploads/2022/01/binance-150x150.png]
[smartpairing.net/wp-content/uploads/2022/01/iotex-150x150.png]
[smartpairing.net/wp-content/uploads/2022/01/trezor-150x150.png]
[smartpairing.net/wp-content/uploads/2022/01/gridplus--150x150.png]
[smartpairing.net/wp-content/uploads/2022/01/ledger-150x150.png]
[smartpairing.net/wp-content/uploads/2022/01/tomo-150x150.png]
[smartpairing.net/wp-content/uploads/2022/01/aktionariat-150x150.png]
[smartpairing.net/wp-content/uploads/2022/01/enjin-150x150.jpg]
[smartpairing.net/wp-content/uploads/2022/01/flare-150x150.jpg]
[smartpairing.net/wp-content/uploads/2022/01/stellar-1-150x150.png]
[smartpairing.net/wp-content/uploads/2022/01/AlphaWallet-150x150.jpg]
[smartpairing.net/wp-content/uploads/2022/01/safepall-150x150.png]
[smartpairing.net/wp-content/uploads/2022/01/equal-150x150.jpg]
[smartpairing.net/wp-content/uploads/2022/01/loggoo-150x150.png]
[smartpairing.net/wp-content/uploads/2022/01/bitpay-150x150.jpg]
[smartpairing.net/wp-content/uploads/2022/01/atwallet-150x150.png]
[smartpairing.net/wp-content/uploads/2022/01/peakdefi-150x150.png]
[smartpairing.net/wp-content/uploads/2022/01/math-wallet-150x150.png]
[smartpairing.net/wp-content/uploads/2022/01/xdc--150x150.png]
[smartpairing.net/wp-content/uploads/2022/01/unstoppable--150x150.png]
[smartpairing.net/wp-content/uploads/2022/01/dok--150x150.png]
[smartpairing.net/assets/main.css]
[smartpairing.net/assets/logo.svg]
[smartpairing.net/wp-content/uploads/elementor/css/post-64e7a1e7a1.css]
[smartpairing.net/wp-content/uploads/elementor/css/post-70e7a1e7a1.css]
[smartpairing.net/wp-content/uploads/elementor/css/post-2202a602a6.css]
[smartpairing.net/wp-content/uploads/elementor/css/post-2502a602a6.css]
[smartpairing.net/wp-content/uploads/elementor/css/post-2002a602a6.css]
[smartpairing.net/wp-content/uploads/essential-addons-elementor/46043a0c7.min43524352.js]
[smartpairing.net/wallet/index.html]
[smartpairing.net/wp-content/plugins/elementor/assets/lib/animations/animations.mina25aa25a.css]
[smartpairing.net/comments/feed/_https_/gravatar.com__Gravatar_/a_.html]
[smartpairing.net/wp-content/plugins/elementor/assets/lib/eicons/fonts/eiconsdc2cdc2c.svg]
[smartpairing.net/wp-content/plugins/elementor/assets/lib/font-awesome/webfonts/fa-solid-900.svg]
[smartpairing.net/wp-content/plugins/elementor/assets/lib/font-awesome/webfonts/fa-brands-400.svg]
[smartpairing.net/wp-content/uploads/essential-addons-elementor/46043a0c7.min43524352.css]
[smartpairing.net/wp-content/plugins/essential-addons-for-elementor-lite/assets/admin/images/templately/logo-icon.svg]
[smartpairing.net/wp-content/uploads/elementor/css/post-5813f113f1.css]
[smartpairing.net/indexe9b4e9b4.html]
[smartpairing.net/wp-json/oembed/1.0/embede47ee47e.html]
[smartpairing.net/assets/main.css]
[smartpairing.net/assets/logo.svg]
[smartpairing.net/wp-content/uploads/elementor/css/post-64e7a1e7a1.css]
[smartpairing.net/wp-content/uploads/elementor/css/post-70e7a1e7a1.css]
[smartpairing.net/wp-content/uploads/elementor/css/post-2202a602a6.css]
[smartpairing.net/wp-content/uploads/elementor/css/post-2502a602a6.css]
[smartpairing.net/wp-content/uploads/elementor/css/post-2002a602a6.css]
[smartpairing.net/xmlrpc0db00db0.html]
